WARNING: Runtime visual role 'bandit' uses an explicit diagnostic fallback: Required visual role has no runtime acceptance record.
   at: push_warning (core/variant/variant_utility.cpp:1034)
   GDScript backtrace (most recent call first):
       [0] _record_runtime_role_use (res://scripts/asset_spawn_helper.gd:180)
       [1] _spawn_from_entry (res://scripts/asset_spawn_helper.gd:115)
       [2] spawn_for_role (res://scripts/asset_spawn_helper.gd:95)
       [3] spawn_enemy (res://scripts/asset_spawn_helper.gd:411)
       [4] _try_build_mapped_body (res://scripts/enemy_ai.gd:777)
       [5] _build_body (res://scripts/enemy_ai.gd:746)
       [6] setup (res://scripts/enemy_ai.gd:131)
       [7] _spawn_enemy (res://scripts/game.gd:6005)
       [8] spawn_enemy (res://scripts/zone_build_context.gd:210)
       [9] build (res://scripts/zones/bandit_road_section.gd:45)
       [10] build (res://scripts/zones/campaign_section.gd:28)
       [11] build_campaign (res://scripts/zone_composition_router.gd:58)
       [12] load_zone (res://scripts/zone_runtime_coordinator.gd:343)
       [13] _load_zone (res://scripts/game.gd:1004)
       [14] _load_zone_after_runtime_pack (res://scripts/game.gd:607)
       [15] _perform_direct_zone_load (res://scripts/game.gd:578)
       [16] request_seamless_boundary_transition (res://scripts/game.gd:572)
       [17] update_player (res://scripts/seamless_world_service.gd:78)
       [18] _process (res://scripts/game.gd:390)
WARNING: Runtime visual role 'bandit' uses an explicit diagnostic fallback: Required visual role has no runtime acceptance record.
   at: push_warning (core/variant/variant_utility.cpp:1034)
   GDScript backtrace (most recent call first):
       [0] _record_runtime_role_use (res://scripts/asset_spawn_helper.gd:180)
       [1] _spawn_from_entry (res://scripts/asset_spawn_helper.gd:115)
       [2] spawn_for_role (res://scripts/asset_spawn_helper.gd:95)
       [3] spawn_enemy (res://scripts/asset_spawn_helper.gd:411)
       [4] _try_build_mapped_body (res://scripts/enemy_ai.gd:777)
       [5] _build_body (res://scripts/enemy_ai.gd:746)
       [6] setup (res://scripts/enemy_ai.gd:131)
       [7] _spawn_enemy (res://scripts/game.gd:6005)
       [8] spawn_enemy (res://scripts/zone_build_context.gd:210)
       [9] build (res://scripts/zones/bandit_road_section.gd:45)
       [10] build (res://scripts/zones/campaign_section.gd:28)
       [11] build_campaign (res://scripts/zone_composition_router.gd:58)
       [12] load_zone (res://scripts/zone_runtime_coordinator.gd:343)
       [13] _load_zone (res://scripts/game.gd:1004)
       [14] _load_zone_after_runtime_pack (res://scripts/game.gd:607)
       [15] _perform_direct_zone_load (res://scripts/game.gd:578)
       [16] request_seamless_boundary_transition (res://scripts/game.gd:572)
       [17] update_player (res://scripts/seamless_world_service.gd:78)
       [18] _process (res://scripts/game.gd:390)
